<html>
<body>
<pre>
<h1>µVision Build Log</h1>
<h2>Tool Versions:</h2>
IDE-Version: µVision V5.42.0.0
Copyright (C) 2025 ARM Ltd and ARM Germany GmbH. All rights reserved.
License Information: Ibrahim Abohola
cairo university
User-based license: Keil MDK Community (non-commercial free of charge)
Valid until: Jun 1 2033. Cached until: May 18 2025
 
Tool Versions:
Toolchain:       Keil MDK Community (non-commercial free of charge  Version: 5.42.0.0
Toolchain Path:  C:\Users\ibrahim\AppData\Local\Keil_v5\ARM\ARMCLANG\Bin
C Compiler:      ArmClang.exe V6.23
Assembler:       Armasm.exe V6.23
Linker/Locator:  ArmLink.exe V6.23
Library Manager: ArmAr.exe V6.23
Hex Converter:   FromElf.exe V6.23
CPU DLL:         SARMCM3.DLL V5.42.0.0
Dialog DLL:      DCM.DLL V1.17.5.0
Target DLL:      STLink\ST-LINKIII-KEIL_SWO.dll V3.3.0.0
Dialog DLL:      TCM.DLL V1.56.6.0
 
<h2>Project:</h2>
D:\CMP\1st year\2nd term\Microprocessors\GameBBoy\GameBoy.uvprojx
Project File Date:  05/12/2025

<h2>Output:</h2>
*** Using Compiler 'V6.23', folder: 'C:\Users\ibrahim\AppData\Local\Keil_v5\ARM\ARMCLANG\Bin'
Rebuild target 'Target_1'
assembling titleR.s...
"snakecode.s", line 138: Warning: A1581W: Added 2 bytes of padding at address 0x96
  138 00000098  LTORG
"snakecode.s", line 688: Warning: A1581W: Added 2 bytes of padding at address 0x5e6
  688 000005e8     END
0 Errors, 2 Warnings
assembling snakecode.s...
assembling fbirdR.s...
"X_OGame.s", line 72: Warning: A1471W: Directive LTORG may be in an executable position
   72 0000000c     LTORG
"X_OGame.s", line 81: Warning: A1471W: Directive LTORG may be in an executable position
   81 00000014     LTORG
"X_OGame.s", line 88: Warning: A1495W: Target of branch is a data address
   88 00000022     BEQ GOTO_X_TURN
"X_OGame.s", line 89: Warning: A1495W: Target of branch is a data address
   89 00000024     B GOTO_O_TURN
"X_OGame.s", line 92: Warning: A1581W: Added 2 bytes of padding at address 0x26
   92 00000028     LTORG
"X_OGame.s", line 310: Warning: A1471W: Directive LTORG may be in an executable position
  310 0000021c  LTORG
"X_OGame.s", line 333: Warning: A1471W: Directive LTORG may be in an executable position
  333 00000252     LTORG
"X_OGame.s", line 333: Warning: A1581W: Added 2 bytes of padding at address 0x252
  333 00000254     LTORG
"X_OGame.s", line 338: Warning: A1471W: Directive LTORG may be in an executable position
  338 00000260  LTORG
"X_OGame.s", line 460: Warning: A1581W: Added 2 bytes of padding at address 0x34a
  460 0000034c     LTORG
"X_OGame.s", line 839: Warning: A1581W: Added 2 bytes of padding at address 0x676
  839 00000678     LTORG
"X_OGame.s", line 961: Warning: A1581W: Added 2 bytes of padding at address 0x756
  961 00000758  LTORG
"X_OGame.s", line 1054: Warning: A1471W: Directive LTORG may be in an executable position
 1054 0000082c  LTORG
"X_OGame.s", line 1172: Warning: A1581W: Added 2 bytes of padding at address 0x912
 1172 00000914  LTORG
0 Errors, 14 Warnings
assembling X_OGame.s...
"bricks.s", line 139: Warning: A1581W: Added 2 bytes of padding at address 0x7a
  139 0000007c   LTORG
"bricks.s", line 363: Warning: A1581W: Added 2 bytes of padding at address 0x2b6
  363 000002b8   LTORG
"bricks.s", line 449: Warning: A1581W: Added 2 bytes of padding at address 0x356
  449 00000358   LTORG
0 Errors, 3 Warnings
assembling bricks.s...
"GameBoyMain.s", line 607: Warning: A1581W: Added 2 bytes of padding at address 0x3fe
  607 00000400    END
0 Errors, 1 Warning
assembling GameBoyMain.s...
assembling brickR.s...
assembling func.s...
assembling TEST.s...
assembling apple.s...
assembling func2.s...
assembling pingR.s...
assembling X_OR.s...
assembling bird.s...
"PingPong.s", line 294: Warning: A1581W: Added 2 bytes of padding at address 0x1ca
  294 000001cc   LTORG
"PingPong.s", line 357: Warning: A1581W: Added 2 bytes of padding at address 0x286
  357 00000288   LTORG
"PingPong.s", line 788: Warning: A1581W: Added 2 bytes of padding at address 0x5b2
  788 000005b4   LTORG
0 Errors, 3 Warnings
assembling PingPong.s...
assembling snakeR.s...
assembling startup_stm32f401xc.s...
compiling system_stm32f4xx.c...
linking...
.\Objects\GameBoy.axf: Warning: L6305W: Image does not have an entry point. (Not specified or not set due to multiple choices.)
.\Objects\GameBoy.sct(8): warning: L6314W: No section matches pattern *(InRoot$$Sections).
Program Size: Code=10738 RO-data=46934 RW-data=308 ZI-data=1540  
Finished: 0 information, 2 warning and 0 error messages.
".\Objects\GameBoy.axf" - 0 Error(s), 2 Warning(s).

<h2>Software Packages used:</h2>

Package Vendor: ARM
                https://www.keil.com/pack/ARM.CMSIS.6.1.0.pack
                ARM::CMSIS@6.1.0
                CMSIS (Common Microcontroller Software Interface Standard)
   * Component: CORE Version: 6.1.0

Package Vendor: Keil
                https://www.keil.com/pack/Keil.STM32F4xx_DFP.2.17.1.pack
                Keil::STM32F4xx_DFP@2.17.1
                STMicroelectronics STM32F4 Series Device Support, Drivers and Examples
   * Component: Startup Version: 2.6.3

<h2>Collection of Component include folders:</h2>
  ./RTE/_Target_1
  C:/Users/ibrahim/AppData/Local/Arm/Packs/ARM/CMSIS/6.1.0/CMSIS/Core/Include
  C:/Users/ibrahim/AppData/Local/Arm/Packs/Keil/STM32F4xx_DFP/2.17.1/Drivers/CMSIS/Device/ST/STM32F4xx/Include

<h2>Collection of Component Files used:</h2>

   * Component: ARM::CMSIS:CORE@6.1.0

   * Component: Keil::Device:Startup@2.6.3
      Include file:  Drivers/CMSIS/Device/ST/STM32F4xx/Include/stm32f4xx.h
      Source file:   MDK/Device/Source/ARM/STM32F401xx_OPT.s
      Source file:   Drivers/CMSIS/Device/ST/STM32F4xx/Source/Templates/arm/startup_stm32f401xc.s
      Source file:   MDK/Device/Source/ARM/STM32F4xx_OTP.s
      Source file:   Drivers/CMSIS/Device/ST/STM32F4xx/Source/Templates/system_stm32f4xx.c
Build Time Elapsed:  00:00:01
</pre>
</body>
</html>
