<html>
<body>
<pre>
<h1>µVision Build Log</h1>
<h2>Tool Versions:</h2>
IDE-Version: ÂµVision V5.42.0.0
Copyright (C) 2025 ARM Ltd and ARM Germany GmbH. All rights reserved.
License Information: Ahmed Essam, cairo uni, LIC=9N01X-1TJY0-38QN9-MXU05-62JWP-CFLZ1
 
Tool Versions:
Toolchain:       MDK-ARM Professional  Version: 5.42.0.0
Toolchain Path:  C:\Users\ahmed\AppData\Local\Keil_v5\ARM\ARMCLANG\Bin
C Compiler:      ArmClang.exe V6.23
Assembler:       Armasm.exe V6.23
Linker/Locator:  ArmLink.exe V6.23
Library Manager: ArmAr.exe V6.23
Hex Converter:   FromElf.exe V6.23
CPU DLL:         SARMCM3.DLL V5.42.0.0
Dialog DLL:      DCM.DLL V1.17.5.0
Target DLL:      STLink\ST-LINKIII-KEIL_SWO.dll V3.3.0.0
Dialog DLL:      TCM.DLL V1.56.6.0
 
<h2>Project:</h2>
D:\MicroLogic\Arm_Stem\GameBBoy\GameBoy.uvprojx
Project File Date:  05/12/2025

<h2>Output:</h2>
*** Using Compiler 'V6.23', folder: 'C:\Users\ahmed\AppData\Local\Keil_v5\ARM\ARMCLANG\Bin'
Rebuild target 'Target_1'
armclang: warning: Your license for feature Keil will expire in 17 days [-Wlicense-management]
armclang: warning: Your license for feature Keil will expire in 17 days [-Wlicense-management]
assembling fbirdR.s...
armclang: warning: Your license for feature Keil will expire in 17 days [-Wlicense-management]
armclang: warning: Your license for feature Keil will expire in 17 days [-Wlicense-management]
assembling snakeR.s...
armclang: warning: Your license for feature Keil will expire in 17 days [-Wlicense-management]
"GameBoyMain.s", line 605: Warning: A1581W: Added 2 bytes of padding at address 0x3fe
  605 00000400    END
0 Errors, 1 Warning
armclang: warning: Your license for feature Keil will expire in 17 days [-Wlicense-management]
assembling GameBoyMain.s...
armclang: warning: Your license for feature Keil will expire in 17 days [-Wlicense-management]
armclang: warning: Your license for feature Keil will expire in 17 days [-Wlicense-management]
assembling func.s...
armclang: warning: Your license for feature Keil will expire in 17 days [-Wlicense-management]
armclang: warning: Your license for feature Keil will expire in 17 days [-Wlicense-management]
assembling TEST.s...
armclang: warning: Your license for feature Keil will expire in 17 days [-Wlicense-management]
armclang: warning: Your license for feature Keil will expire in 17 days [-Wlicense-management]
assembling func2.s...
armclang: warning: Your license for feature Keil will expire in 17 days [-Wlicense-management]
armclang: warning: Your license for feature Keil will expire in 17 days [-Wlicense-management]
assembling X_OR.s...
armclang: warning: Your license for feature Keil will expire in 17 days [-Wlicense-management]
"snakecode.s", line 135: Warning: A1581W: Added 2 bytes of padding at address 0x96
  135 00000098  LTORG
"snakecode.s", line 382: Warning: A1581W: Added 2 bytes of padding at address 0x322
  382 00000324   LTORG
0 Errors, 2 Warnings
armclang: warning: Your license for feature Keil will expire in 17 days [-Wlicense-management]
assembling snakecode.s...
armclang: warning: Your license for feature Keil will expire in 17 days [-Wlicense-management]
armclang: warning: Your license for feature Keil will expire in 17 days [-Wlicense-management]
assembling brickR.s...
armclang: warning: Your license for feature Keil will expire in 17 days [-Wlicense-management]
armclang: warning: Your license for feature Keil will expire in 17 days [-Wlicense-management]
assembling startup_stm32f401xc.s...
armclang: warning: Your license for feature Keil will expire in 17 days [-Wlicense-management]
armclang: warning: Your license for feature Keil will expire in 17 days [-Wlicense-management]
assembling pingR.s...
armclang: warning: Your license for feature Keil will expire in 17 days [-Wlicense-management]
"PingPong.s", line 290: Warning: A1581W: Added 2 bytes of padding at address 0x1b6
  290 000001b8   LTORG
"PingPong.s", line 353: Warning: A1581W: Added 2 bytes of padding at address 0x272
  353 00000274   LTORG
"PingPong.s", line 784: Warning: A1581W: Added 2 bytes of padding at address 0x59e
  784 000005a0   LTORG
0 Errors, 3 Warnings
armclang: warning: Your license for feature Keil will expire in 17 days [-Wlicense-management]
assembling PingPong.s...
armclang: warning: Your license for feature Keil will expire in 17 days [-Wlicense-management]
"X_OGame.s", line 70: Warning: A1471W: Directive LTORG may be in an executable position
   70 0000000c     LTORG
"X_OGame.s", line 78: Warning: A1471W: Directive LTORG may be in an executable position
   78 00000014     LTORG
"X_OGame.s", line 85: Warning: A1495W: Target of branch is a data address
   85 00000022     BEQ GOTO_X_TURN
"X_OGame.s", line 86: Warning: A1495W: Target of branch is a data address
   86 00000024     B GOTO_O_TURN
"X_OGame.s", line 89: Warning: A1581W: Added 2 bytes of padding at address 0x26
   89 00000028     LTORG
"X_OGame.s", line 301: Warning: A1471W: Directive LTORG may be in an executable position
  301 00000214  LTORG
"X_OGame.s", line 324: Warning: A1471W: Directive LTORG may be in an executable position
  324 0000024a     LTORG
"X_OGame.s", line 324: Warning: A1581W: Added 2 bytes of padding at address 0x24a
  324 0000024c     LTORG
"X_OGame.s", line 329: Warning: A1471W: Directive LTORG may be in an executable position
  329 00000258  LTORG
"X_OGame.s", line 451: Warning: A1581W: Added 2 bytes of padding at address 0x342
  451 00000344     LTORG
"X_OGame.s", line 830: Warning: A1581W: Added 2 bytes of padding at address 0x66e
  830 00000670     LTORG
"X_OGame.s", line 952: Warning: A1581W: Added 2 bytes of padding at address 0x74e
  952 00000750  LTORG
"X_OGame.s", line 1045: Warning: A1471W: Directive LTORG may be in an executable position
 1045 00000824  LTORG
"X_OGame.s", line 1163: Warning: A1581W: Added 2 bytes of padding at address 0x90a
 1163 0000090c  LTORG
0 Errors, 14 Warnings
armclang: warning: Your license for feature Keil will expire in 17 days [-Wlicense-management]
assembling X_OGame.s...
armclang: warning: Your license for feature Keil will expire in 17 days [-Wlicense-management]
"bricks.s", line 138: Warning: A1581W: Added 2 bytes of padding at address 0x7a
  138 0000007c   LTORG
"bricks.s", line 355: Warning: A1581W: Added 2 bytes of padding at address 0x29e
  355 000002a0   LTORG
"bricks.s", line 441: Warning: A1581W: Added 2 bytes of padding at address 0x33e
  441 00000340   LTORG
0 Errors, 3 Warnings
armclang: warning: Your license for feature Keil will expire in 17 days [-Wlicense-management]
assembling bricks.s...
armclang: warning: Your license for feature Keil will expire in 17 days [-Wlicense-management]
armclang: warning: Your license for feature Keil will expire in 17 days [-Wlicense-management]
assembling titleR.s...
compiling system_stm32f4xx.c...
linking...
.\Objects\GameBoy.axf: Warning: L6305W: Image does not have an entry point. (Not specified or not set due to multiple choices.)
.\Objects\GameBoy.sct(8): warning: L6314W: No section matches pattern *(InRoot$$Sections).
Program Size: Code=10610 RO-data=45318 RW-data=308 ZI-data=1540  
Finished: 0 information, 2 warning and 0 error messages.
".\Objects\GameBoy.axf" - 0 Error(s), 32 Warning(s).

<h2>Software Packages used:</h2>

Package Vendor: ARM
                https://www.keil.com/pack/ARM.CMSIS.6.1.0.pack
                ARM::CMSIS@6.1.0
                CMSIS (Common Microcontroller Software Interface Standard)
   * Component: CORE Version: 6.1.0

Package Vendor: Keil
                https://www.keil.com/pack/Keil.STM32F4xx_DFP.2.17.1.pack
                Keil::STM32F4xx_DFP@2.17.1
                STMicroelectronics STM32F4 Series Device Support, Drivers and Examples
   * Component: Startup Version: 2.6.3

<h2>Collection of Component include folders:</h2>
  ./RTE/_Target_1
  C:/Users/ahmed/AppData/Local/Arm/Packs/ARM/CMSIS/6.1.0/CMSIS/Core/Include
  C:/Users/ahmed/AppData/Local/Arm/Packs/Keil/STM32F4xx_DFP/2.17.1/Drivers/CMSIS/Device/ST/STM32F4xx/Include

<h2>Collection of Component Files used:</h2>

   * Component: ARM::CMSIS:CORE@6.1.0

   * Component: Keil::Device:Startup@2.6.3
      Source file:   MDK/Device/Source/ARM/STM32F401xx_OPT.s
      Source file:   MDK/Device/Source/ARM/STM32F4xx_OTP.s
      Include file:  Drivers/CMSIS/Device/ST/STM32F4xx/Include/stm32f4xx.h
      Source file:   Drivers/CMSIS/Device/ST/STM32F4xx/Source/Templates/arm/startup_stm32f401xc.s
      Source file:   Drivers/CMSIS/Device/ST/STM32F4xx/Source/Templates/system_stm32f4xx.c
Build Time Elapsed:  00:00:02
</pre>
</body>
</html>
