Component: Arm Compiler for Embedded 6.23 Tool: armlink [5f102400]

==============================================================================

Section Cross References

    gameboymain.o(MYCODE) refers to snakecode.o(MYCODE) for snake
    gameboymain.o(MYCODE) refers to pingpong.o(MyCode) for PingPong
    gameboymain.o(MYCODE) refers to test.o(Mycode) for FlappyBird
    gameboymain.o(MYCODE) refers to bricks.o(MYCODE) for bricks
    gameboymain.o(MYCODE) refers to x_ogame.o(MYCODE) for __xogame
    gameboymain.o(MYCODE) refers to titler.o(MYIMAGE) for titleR
    gameboymain.o(MYCODE) refers to snaker.o(MYIMAGE) for snakeR
    gameboymain.o(MYCODE) refers to pingr.o(MYIMAGE) for pingR
    gameboymain.o(MYCODE) refers to brickr.o(MYIMAGE) for brickR
    gameboymain.o(MYCODE) refers to fbirdr.o(MYIMAGE) for fbirdR
    gameboymain.o(MYCODE) refers to x_or.o(MYIMAGE) for X_OR
    x_ogame.o(DATA) refers (Special) to gameboymain.o(MYCODE) for TFT_FillScreen
    x_ogame.o(MYCODE) refers (Special) to gameboymain.o(MYCODE) for TFT_FillScreen
    x_ogame.o(MYCODE) refers to x_ogame.o(DATA) for GAME_OVER
    snakecode.o(MYCODE) refers to gameboymain.o(MYCODE) for CONFIG
    snakecode.o(MYCODE) refers to snakecode.o(MYDATA) for FRUIT_ARRAY
    snakecode.o(MYCODE) refers to apple.o(MYIMAGE) for apple
    bricks.o(MYCODE) refers to gameboymain.o(MYCODE) for CONFIG
    bricks.o(MYCODE) refers to bricks.o(MyData) for BALL_X
    pingpong.o(MyCode) refers to gameboymain.o(MYCODE) for CONFIG
    pingpong.o(MyCode) refers to pingpong.o(MyData) for PADDLE_WIDTH
    test.o(Mycode) refers to gameboymain.o(MYCODE) for CONFIG
    test.o(Mycode) refers to func2.o(mycode) for TFT_DrawSquare
    test.o(Mycode) refers to func.o(MYCODE) for TFT_DrawObsticle_Top_1
    test.o(Mycode) refers to test.o(MY_ARRAY_DATA) for myArray
    func.o(MYCODE) refers (Special) to gameboymain.o(MYCODE) for CONFIG
    func.o(MYCODE) refers to func2.o(mycode) for Move_right_D
    func2.o(mycode) refers (Special) to gameboymain.o(MYCODE) for CONFIG
    startup_stm32f401xc.o(STACK) refers (Special) to heapauxi.o(.text) for __use_two_region_memory
    startup_stm32f401xc.o(HEAP) refers (Special) to heapauxi.o(.text) for __use_two_region_memory
    startup_stm32f401xc.o(RESET) refers (Special) to heapauxi.o(.text) for __use_two_region_memory
    startup_stm32f401xc.o(RESET) refers to startup_stm32f401xc.o(STACK) for __initial_sp
    startup_stm32f401xc.o(RESET) refers to startup_stm32f401xc.o(.text) for Reset_Handler
    startup_stm32f401xc.o(.text) refers (Special) to heapauxi.o(.text) for __use_two_region_memory
    startup_stm32f401xc.o(.text) refers to system_stm32f4xx.o(.text.SystemInit) for SystemInit
    startup_stm32f401xc.o(.text) refers to gameboymain.o(MYCODE) for __main
    startup_stm32f401xc.o(.text) refers to startup_stm32f401xc.o(HEAP) for Heap_Mem
    startup_stm32f401xc.o(.text) refers to startup_stm32f401xc.o(STACK) for Stack_Mem
    system_stm32f4xx.o(.ARM.exidx.text.SystemInit) refers to system_stm32f4xx.o(.text.SystemInit) for [Anonymous Symbol]
    system_stm32f4xx.o(.text.SystemCoreClockUpdate) refers to system_stm32f4xx.o(.data.SystemCoreClock) for SystemCoreClock
    system_stm32f4xx.o(.text.SystemCoreClockUpdate) refers to system_stm32f4xx.o(.rodata.AHBPrescTable) for AHBPrescTable
    system_stm32f4xx.o(.ARM.exidx.text.SystemCoreClockUpdate) refers to system_stm32f4xx.o(.text.SystemCoreClockUpdate) for [Anonymous Symbol]


==============================================================================

Removing Unused exception sections from the image.

    Removing system_stm32f4xx.o(.ARM.exidx.text.SystemInit), (8 bytes).
    Removing system_stm32f4xx.o(.ARM.exidx.text.SystemCoreClockUpdate), (8 bytes).

2 unused section(s) (total 16 bytes) removed from the image.

==============================================================================

Image Symbol Table

    Local Symbols

    Symbol Name                              Value     Ov Type        Size  Object(Section)

    ../clib/heapaux.c                        0x00000000   Number         0  heapauxi.o ABSOLUTE
    GameBoyMain.s                            0x00000000   Number         0  gameboymain.o ABSOLUTE
    PingPong.s                               0x00000000   Number         0  pingpong.o ABSOLUTE
    RTE/Device/STM32F401RCTx/startup_stm32f401xc.s 0x00000000   Number         0  startup_stm32f401xc.o ABSOLUTE
    TEST.s                                   0x00000000   Number         0  test.o ABSOLUTE
    X_OGame.s                                0x00000000   Number         0  x_ogame.o ABSOLUTE
    X_OR.s                                   0x00000000   Number         0  x_or.o ABSOLUTE
    apple.s                                  0x00000000   Number         0  apple.o ABSOLUTE
    bird.s                                   0x00000000   Number         0  bird.o ABSOLUTE
    brickR.s                                 0x00000000   Number         0  brickr.o ABSOLUTE
    bricks.s                                 0x00000000   Number         0  bricks.o ABSOLUTE
    dc.s                                     0x00000000   Number         0  dc.o ABSOLUTE
    fbirdR.s                                 0x00000000   Number         0  fbirdr.o ABSOLUTE
    func.s                                   0x00000000   Number         0  func.o ABSOLUTE
    func2.s                                  0x00000000   Number         0  func2.o ABSOLUTE
    pingR.s                                  0x00000000   Number         0  pingr.o ABSOLUTE
    snakeR.s                                 0x00000000   Number         0  snaker.o ABSOLUTE
    snakecode.s                              0x00000000   Number         0  snakecode.o ABSOLUTE
    system_stm32f4xx.c                       0x00000000   Number         0  system_stm32f4xx.o ABSOLUTE
    titleR.s                                 0x00000000   Number         0  titler.o ABSOLUTE
    RESET                                    0x08000000   Section      404  startup_stm32f401xc.o(RESET)
    $v0                                      0x08000194   Number         0  startup_stm32f401xc.o(.text)
    .text                                    0x08000194   Section       64  startup_stm32f401xc.o(.text)
    .text                                    0x080001d4   Section        0  heapauxi.o(.text)
    [Anonymous Symbol]                       0x080001dc   Section        0  system_stm32f4xx.o(.text.SystemCoreClockUpdate)
    [Anonymous Symbol]                       0x0800030c   Section        0  system_stm32f4xx.o(.text.SystemInit)
    $v0                                      0x08000320   Number         0  gameboymain.o(MYCODE)
    MYCODE                                   0x08000320   Section     1080  gameboymain.o(MYCODE)
    $v0                                      0x08000758   Number         0  x_ogame.o(MYCODE)
    MYCODE                                   0x08000758   Section     2484  x_ogame.o(MYCODE)
    $v0                                      0x0800110c   Number         0  snakecode.o(MYCODE)
    MYCODE                                   0x0800110c   Section     1536  snakecode.o(MYCODE)
    $v0                                      0x0800170c   Number         0  bricks.o(MYCODE)
    MYCODE                                   0x0800170c   Section     1756  bricks.o(MYCODE)
    $v0                                      0x08001de8   Number         0  func.o(MYCODE)
    MYCODE                                   0x08001de8   Section      792  func.o(MYCODE)
    $v0                                      0x08002100   Number         0  pingpong.o(MyCode)
    MyCode                                   0x08002100   Section     1652  pingpong.o(MyCode)
    $v0                                      0x08002774   Number         0  test.o(Mycode)
    Mycode                                   0x08002774   Section      628  test.o(Mycode)
    $v0                                      0x080029e8   Number         0  func2.o(mycode)
    mycode                                   0x080029e8   Section      414  func2.o(mycode)
    MYIMAGE                                  0x08002ba0   Section     5008  snaker.o(MYIMAGE)
    MYIMAGE                                  0x08003f30   Section     5008  x_or.o(MYIMAGE)
    MYIMAGE                                  0x080052c0   Section     5008  pingr.o(MYIMAGE)
    MYIMAGE                                  0x08006650   Section     5008  fbirdr.o(MYIMAGE)
    MYIMAGE                                  0x080079e0   Section     5008  brickr.o(MYIMAGE)
    MYIMAGE                                  0x08008d70   Section    19848  titler.o(MYIMAGE)
    MYIMAGE                                  0x0800daf8   Section      808  apple.o(MYIMAGE)
    MYIMAGE                                  0x0800de20   Section      808  bird.o(MYIMAGE)
    GAME_BOARD                               0x20000004   Data           9  x_ogame.o(DATA)
    DATA                                     0x20000004   Section        0  gameboymain.o(DATA)
    DATA                                     0x20000004   Section       11  x_ogame.o(DATA)
    CURRENT_PLAYER                           0x2000000d   Data           1  x_ogame.o(DATA)
    GAME_OVER                                0x2000000e   Data           1  x_ogame.o(DATA)
    SNAKE                                    0x20000010   Data          48  snakecode.o(MYDATA)
    MYDATA                                   0x20000010   Section       89  snakecode.o(MYDATA)
    TAIL                                     0x20000040   Data           1  snakecode.o(MYDATA)
    FRUIT_ARRAY                              0x20000041   Data          40  snakecode.o(MYDATA)
    myArray                                  0x2000006c   Data          40  test.o(MY_ARRAY_DATA)
    MY_ARRAY_DATA                            0x2000006c   Section       40  test.o(MY_ARRAY_DATA)
    BALL_X                                   0x20000094   Data           2  bricks.o(MyData)
    MyData                                   0x20000094   Section      120  bricks.o(MyData)
    BALL_Y                                   0x20000096   Data           2  bricks.o(MyData)
    BALL_VELOCITY_X                          0x20000098   Data           2  bricks.o(MyData)
    BALL_VELOCITY_Y                          0x2000009a   Data           2  bricks.o(MyData)
    BALL_COLOR                               0x2000009c   Data           2  bricks.o(MyData)
    LIVES                                    0x2000009e   Data           2  bricks.o(MyData)
    SCORE                                    0x200000a0   Data           2  bricks.o(MyData)
    PADDLE_COLOR                             0x200000a2   Data           2  bricks.o(MyData)
    PADDLE_X1                                0x200000a4   Data           2  bricks.o(MyData)
    PADDLE_X2                                0x200000a6   Data           2  bricks.o(MyData)
    PADDLE_Y1                                0x200000a8   Data           2  bricks.o(MyData)
    PADDLE_Y2                                0x200000aa   Data           2  bricks.o(MyData)
    GRID                                     0x200000ac   Data          96  bricks.o(MyData)
    PADDLE_WIDTH                             0x2000010c   Data           2  pingpong.o(MyData)
    MyData                                   0x2000010c   Section       38  pingpong.o(MyData)
    PADDLE_HEIGHT                            0x2000010e   Data           2  pingpong.o(MyData)
    BALL_X                                   0x20000110   Data           2  pingpong.o(MyData)
    BALL_Y                                   0x20000112   Data           2  pingpong.o(MyData)
    BALL_VELOCITY_X                          0x20000114   Data           2  pingpong.o(MyData)
    BALL_VELOCITY_Y                          0x20000116   Data           2  pingpong.o(MyData)
    BALL_COLOR                               0x20000118   Data           2  pingpong.o(MyData)
    P1_SCORE                                 0x2000011a   Data           2  pingpong.o(MyData)
    P2_SCORE                                 0x2000011c   Data           2  pingpong.o(MyData)
    PADDLE_COLOR1                            0x2000011e   Data           2  pingpong.o(MyData)
    PADDLE_COLOR2                            0x20000120   Data           2  pingpong.o(MyData)
    PADDLE_1_X1                              0x20000122   Data           2  pingpong.o(MyData)
    PADDLE_1_X2                              0x20000124   Data           2  pingpong.o(MyData)
    PADDLE_1_Y1                              0x20000126   Data           2  pingpong.o(MyData)
    PADDLE_1_Y2                              0x20000128   Data           2  pingpong.o(MyData)
    PADDLE_2_X1                              0x2000012a   Data           2  pingpong.o(MyData)
    PADDLE_2_X2                              0x2000012c   Data           2  pingpong.o(MyData)
    PADDLE_2_Y1                              0x2000012e   Data           2  pingpong.o(MyData)
    PADDLE_2_Y2                              0x20000130   Data           2  pingpong.o(MyData)
    Heap_Mem                                 0x20000138   Data         512  startup_stm32f401xc.o(HEAP)
    HEAP                                     0x20000138   Section      512  startup_stm32f401xc.o(HEAP)
    Stack_Mem                                0x20000338   Data        1024  startup_stm32f401xc.o(STACK)
    STACK                                    0x20000338   Section     1024  startup_stm32f401xc.o(STACK)
    __initial_sp                             0x20000738   Data           0  startup_stm32f401xc.o(STACK)

    Global Symbols

    Symbol Name                              Value     Ov Type        Size  Object(Section)

    BuildAttributes$$THM_ISAv4$E$P$D$K$B$S$7EM$VFPi3$EXTD16$VFPS$VFMA$PE$A:L22UL41UL21$X:L11$S22US41US21$IEEE1$IW$~IW$USESV6$~STKCKD$USESV7$~SHL$OSPACE$ROPI$EBA8$STANDARDLIB$REQ8$EABIv2 0x00000000   Number         0  anon$$obj.o ABSOLUTE
    __Vectors_Size                           0x00000194   Number         0  startup_stm32f401xc.o ABSOLUTE
    __Vectors                                0x08000000   Data           4  startup_stm32f401xc.o(RESET)
    Reset_Handler                            0x08000195   Thumb Code     8  startup_stm32f401xc.o(.text)
    __Vectors_End                            0x08000194   Data           0  startup_stm32f401xc.o(RESET)
    NMI_Handler                              0x0800019d   Thumb Code     2  startup_stm32f401xc.o(.text)
    HardFault_Handler                        0x0800019f   Thumb Code     2  startup_stm32f401xc.o(.text)
    MemManage_Handler                        0x080001a1   Thumb Code     2  startup_stm32f401xc.o(.text)
    BusFault_Handler                         0x080001a3   Thumb Code     2  startup_stm32f401xc.o(.text)
    UsageFault_Handler                       0x080001a5   Thumb Code     2  startup_stm32f401xc.o(.text)
    SVC_Handler                              0x080001a7   Thumb Code     2  startup_stm32f401xc.o(.text)
    DebugMon_Handler                         0x080001a9   Thumb Code     2  startup_stm32f401xc.o(.text)
    PendSV_Handler                           0x080001ab   Thumb Code     2  startup_stm32f401xc.o(.text)
    SysTick_Handler                          0x080001ad   Thumb Code     2  startup_stm32f401xc.o(.text)
    ADC_IRQHandler                           0x080001af   Thumb Code     0  startup_stm32f401xc.o(.text)
    DMA1_Stream0_IRQHandler                  0x080001af   Thumb Code     0  startup_stm32f401xc.o(.text)
    DMA1_Stream1_IRQHandler                  0x080001af   Thumb Code     0  startup_stm32f401xc.o(.text)
    DMA1_Stream2_IRQHandler                  0x080001af   Thumb Code     0  startup_stm32f401xc.o(.text)
    DMA1_Stream3_IRQHandler                  0x080001af   Thumb Code     0  startup_stm32f401xc.o(.text)
    DMA1_Stream4_IRQHandler                  0x080001af   Thumb Code     0  startup_stm32f401xc.o(.text)
    DMA1_Stream5_IRQHandler                  0x080001af   Thumb Code     0  startup_stm32f401xc.o(.text)
    DMA1_Stream6_IRQHandler                  0x080001af   Thumb Code     0  startup_stm32f401xc.o(.text)
    DMA1_Stream7_IRQHandler                  0x080001af   Thumb Code     0  startup_stm32f401xc.o(.text)
    DMA2_Stream0_IRQHandler                  0x080001af   Thumb Code     0  startup_stm32f401xc.o(.text)
    DMA2_Stream1_IRQHandler                  0x080001af   Thumb Code     0  startup_stm32f401xc.o(.text)
    DMA2_Stream2_IRQHandler                  0x080001af   Thumb Code     0  startup_stm32f401xc.o(.text)
    DMA2_Stream3_IRQHandler                  0x080001af   Thumb Code     0  startup_stm32f401xc.o(.text)
    DMA2_Stream4_IRQHandler                  0x080001af   Thumb Code     0  startup_stm32f401xc.o(.text)
    DMA2_Stream5_IRQHandler                  0x080001af   Thumb Code     0  startup_stm32f401xc.o(.text)
    DMA2_Stream6_IRQHandler                  0x080001af   Thumb Code     0  startup_stm32f401xc.o(.text)
    DMA2_Stream7_IRQHandler                  0x080001af   Thumb Code     0  startup_stm32f401xc.o(.text)
    EXTI0_IRQHandler                         0x080001af   Thumb Code     0  startup_stm32f401xc.o(.text)
    EXTI15_10_IRQHandler                     0x080001af   Thumb Code     0  startup_stm32f401xc.o(.text)
    EXTI1_IRQHandler                         0x080001af   Thumb Code     0  startup_stm32f401xc.o(.text)
    EXTI2_IRQHandler                         0x080001af   Thumb Code     0  startup_stm32f401xc.o(.text)
    EXTI3_IRQHandler                         0x080001af   Thumb Code     0  startup_stm32f401xc.o(.text)
    EXTI4_IRQHandler                         0x080001af   Thumb Code     0  startup_stm32f401xc.o(.text)
    EXTI9_5_IRQHandler                       0x080001af   Thumb Code     0  startup_stm32f401xc.o(.text)
    FLASH_IRQHandler                         0x080001af   Thumb Code     0  startup_stm32f401xc.o(.text)
    FPU_IRQHandler                           0x080001af   Thumb Code     0  startup_stm32f401xc.o(.text)
    I2C1_ER_IRQHandler                       0x080001af   Thumb Code     0  startup_stm32f401xc.o(.text)
    I2C1_EV_IRQHandler                       0x080001af   Thumb Code     0  startup_stm32f401xc.o(.text)
    I2C2_ER_IRQHandler                       0x080001af   Thumb Code     0  startup_stm32f401xc.o(.text)
    I2C2_EV_IRQHandler                       0x080001af   Thumb Code     0  startup_stm32f401xc.o(.text)
    I2C3_ER_IRQHandler                       0x080001af   Thumb Code     0  startup_stm32f401xc.o(.text)
    I2C3_EV_IRQHandler                       0x080001af   Thumb Code     0  startup_stm32f401xc.o(.text)
    OTG_FS_IRQHandler                        0x080001af   Thumb Code     0  startup_stm32f401xc.o(.text)
    OTG_FS_WKUP_IRQHandler                   0x080001af   Thumb Code     0  startup_stm32f401xc.o(.text)
    PVD_IRQHandler                           0x080001af   Thumb Code     0  startup_stm32f401xc.o(.text)
    RCC_IRQHandler                           0x080001af   Thumb Code     0  startup_stm32f401xc.o(.text)
    RTC_Alarm_IRQHandler                     0x080001af   Thumb Code     0  startup_stm32f401xc.o(.text)
    RTC_WKUP_IRQHandler                      0x080001af   Thumb Code     0  startup_stm32f401xc.o(.text)
    SDIO_IRQHandler                          0x080001af   Thumb Code     0  startup_stm32f401xc.o(.text)
    SPI1_IRQHandler                          0x080001af   Thumb Code     0  startup_stm32f401xc.o(.text)
    SPI2_IRQHandler                          0x080001af   Thumb Code     0  startup_stm32f401xc.o(.text)
    SPI3_IRQHandler                          0x080001af   Thumb Code     0  startup_stm32f401xc.o(.text)
    SPI4_IRQHandler                          0x080001af   Thumb Code     0  startup_stm32f401xc.o(.text)
    TAMP_STAMP_IRQHandler                    0x080001af   Thumb Code     0  startup_stm32f401xc.o(.text)
    TIM1_BRK_TIM9_IRQHandler                 0x080001af   Thumb Code     0  startup_stm32f401xc.o(.text)
    TIM1_CC_IRQHandler                       0x080001af   Thumb Code     0  startup_stm32f401xc.o(.text)
    TIM1_TRG_COM_TIM11_IRQHandler            0x080001af   Thumb Code     0  startup_stm32f401xc.o(.text)
    TIM1_UP_TIM10_IRQHandler                 0x080001af   Thumb Code     0  startup_stm32f401xc.o(.text)
    TIM2_IRQHandler                          0x080001af   Thumb Code     0  startup_stm32f401xc.o(.text)
    TIM3_IRQHandler                          0x080001af   Thumb Code     0  startup_stm32f401xc.o(.text)
    TIM4_IRQHandler                          0x080001af   Thumb Code     0  startup_stm32f401xc.o(.text)
    TIM5_IRQHandler                          0x080001af   Thumb Code     0  startup_stm32f401xc.o(.text)
    USART1_IRQHandler                        0x080001af   Thumb Code     0  startup_stm32f401xc.o(.text)
    USART2_IRQHandler                        0x080001af   Thumb Code     0  startup_stm32f401xc.o(.text)
    USART6_IRQHandler                        0x080001af   Thumb Code     0  startup_stm32f401xc.o(.text)
    WWDG_IRQHandler                          0x080001af   Thumb Code     0  startup_stm32f401xc.o(.text)
    __user_initial_stackheap                 0x080001b1   Thumb Code     0  startup_stm32f401xc.o(.text)
    __use_two_region_memory                  0x080001d5   Thumb Code     2  heapauxi.o(.text)
    __rt_heap_escrow$2region                 0x080001d7   Thumb Code     2  heapauxi.o(.text)
    __rt_heap_expand$2region                 0x080001d9   Thumb Code     2  heapauxi.o(.text)
    SystemCoreClockUpdate                    0x080001dd   Thumb Code   302  system_stm32f4xx.o(.text.SystemCoreClockUpdate)
    SystemInit                               0x0800030d   Thumb Code    18  system_stm32f4xx.o(.text.SystemInit)
    __main                                   0x08000321   Thumb Code  1022  gameboymain.o(MYCODE)
    GAME_BOY_LOOP                            0x08000325   Thumb Code     0  gameboymain.o(MYCODE)
    TFT_FillScreen                           0x0800046d   Thumb Code     0  gameboymain.o(MYCODE)
    TFT_WriteCommand                         0x0800056f   Thumb Code     0  gameboymain.o(MYCODE)
    TFT_WriteData                            0x080005ad   Thumb Code     0  gameboymain.o(MYCODE)
    TFT_DrawImage                            0x080005eb   Thumb Code     0  gameboymain.o(MYCODE)
    CONFIG                                   0x08000681   Thumb Code     0  gameboymain.o(MYCODE)
    TFT_Init                                 0x080006bb   Thumb Code     0  gameboymain.o(MYCODE)
    __xogame                                 0x08000759   Thumb Code  2484  x_ogame.o(MYCODE)
    snake                                    0x0800110d   Thumb Code  1510  snakecode.o(MYCODE)
    bricks                                   0x0800170d   Thumb Code  1750  bricks.o(MYCODE)
    TFT_DrawObsticle_Down_1                  0x08001f0d   Thumb Code     0  func.o(MYCODE)
    TFT_ReDrawObsticle_Down_1                0x08001f97   Thumb Code     0  func.o(MYCODE)
    TFT_DrawObsticle_Top_1                   0x08001fd9   Thumb Code     0  func.o(MYCODE)
    TFT_ReDrawObsticle_Top_1                 0x0800206b   Thumb Code     0  func.o(MYCODE)
    PingPong                                 0x08002101   Thumb Code  1652  pingpong.o(MyCode)
    FlappyBird                               0x08002775   Thumb Code   620  test.o(Mycode)
    TFT_DrawSquare                           0x080029e9   Thumb Code     0  func2.o(mycode)
    Move_right_D                             0x08002a73   Thumb Code     0  func2.o(mycode)
    Move_left_D                              0x08002afd   Thumb Code     0  func2.o(mycode)
    AHBPrescTable                            0x08002b86   Data          16  system_stm32f4xx.o(.rodata.AHBPrescTable)
    APBPrescTable                            0x08002b96   Data           8  system_stm32f4xx.o(.rodata.APBPrescTable)
    snakeR                                   0x08002ba0   Data           0  snaker.o(MYIMAGE)
    X_OR                                     0x08003f30   Data           0  x_or.o(MYIMAGE)
    pingR                                    0x080052c0   Data           0  pingr.o(MYIMAGE)
    fbirdR                                   0x08006650   Data           0  fbirdr.o(MYIMAGE)
    brickR                                   0x080079e0   Data           0  brickr.o(MYIMAGE)
    titleR                                   0x08008d70   Data           0  titler.o(MYIMAGE)
    apple                                    0x0800daf8   Data           0  apple.o(MYIMAGE)
    bird                                     0x0800de20   Data           0  bird.o(MYIMAGE)
    SystemCoreClock                          0x20000000   Data           4  system_stm32f4xx.o(.data.SystemCoreClock)



==============================================================================

Memory Map of the image

  Image entry point : Not specified.

  Load Region LR_IROM1 (Base: 0x08000000, Size: 0x0000e280, Max: 0x00040000, ABSOLUTE)

    Execution Region ER_IROM1 (Exec base: 0x08000000, Load base: 0x08000000, Size: 0x0000e148, Max: 0x00040000, ABSOLUTE)

    Exec Addr    Load Addr    Size         Type   Attr      Idx    E Section Name        Object

    0x08000000   0x08000000   0x00000194   Data   RO           49    RESET               startup_stm32f401xc.o
    0x08000194   0x08000194   0x00000040   Code   RO           50    .text               startup_stm32f401xc.o
    0x080001d4   0x080001d4   0x00000000   Code   RO           54    .text               system_stm32f4xx.o
    0x080001d4   0x080001d4   0x00000006   Code   RO           70    .text               c_w.l(heapauxi.o)
    0x080001da   0x080001da   0x00000002   PAD
    0x080001dc   0x080001dc   0x0000012e   Code   RO           57    .text.SystemCoreClockUpdate  system_stm32f4xx.o
    0x0800030a   0x0800030a   0x00000002   PAD
    0x0800030c   0x0800030c   0x00000012   Code   RO           55    .text.SystemInit    system_stm32f4xx.o
    0x0800031e   0x0800031e   0x00000002   PAD
    0x08000320   0x08000320   0x00000438   Code   RO            2    MYCODE              gameboymain.o
    0x08000758   0x08000758   0x000009b4   Code   RO           15    MYCODE              x_ogame.o
    0x0800110c   0x0800110c   0x00000600   Code   RO           20    MYCODE              snakecode.o
    0x0800170c   0x0800170c   0x000006dc   Code   RO           25    MYCODE              bricks.o
    0x08001de8   0x08001de8   0x00000318   Code   RO           39    MYCODE              func.o
    0x08002100   0x08002100   0x00000674   Code   RO           30    MyCode              pingpong.o
    0x08002774   0x08002774   0x00000274   Code   RO           35    Mycode              test.o
    0x080029e8   0x080029e8   0x0000019e   Code   RO           42    mycode              func2.o
    0x08002b86   0x08002b86   0x00000010   Data   RO           60    .rodata.AHBPrescTable  system_stm32f4xx.o
    0x08002b96   0x08002b96   0x00000008   Data   RO           61    .rodata.APBPrescTable  system_stm32f4xx.o
    0x08002b9e   0x08002b9e   0x00000002   PAD
    0x08002ba0   0x08002ba0   0x00001390   Data   RO            8    MYIMAGE             snaker.o
    0x08003f30   0x08003f30   0x00001390   Data   RO            9    MYIMAGE             x_or.o
    0x080052c0   0x080052c0   0x00001390   Data   RO           10    MYIMAGE             pingr.o
    0x08006650   0x08006650   0x00001390   Data   RO           11    MYIMAGE             fbirdr.o
    0x080079e0   0x080079e0   0x00001390   Data   RO           12    MYIMAGE             brickr.o
    0x08008d70   0x08008d70   0x00004d88   Data   RO           13    MYIMAGE             titler.o
    0x0800daf8   0x0800daf8   0x00000328   Data   RO           45    MYIMAGE             apple.o
    0x0800de20   0x0800de20   0x00000328   Data   RO           46    MYIMAGE             bird.o


    Execution Region RW_IRAM1 (Exec base: 0x20000000, Load base: 0x0800e148, Size: 0x00000738, Max: 0x00010000, ABSOLUTE)

    Exec Addr    Load Addr    Size         Type   Attr      Idx    E Section Name        Object

    0x20000000   0x0800e148   0x00000004   Data   RW           59    .data.SystemCoreClock  system_stm32f4xx.o
    0x20000004   0x0800e14c   0x00000000   Data   RW            1    DATA                gameboymain.o
    0x20000004   0x0800e14c   0x0000000b   Data   RW           14    DATA                x_ogame.o
    0x2000000f   0x0800e157   0x00000001   PAD
    0x20000010   0x0800e158   0x00000059   Data   RW           19    MYDATA              snakecode.o
    0x20000069   0x0800e1b1   0x00000003   PAD
    0x2000006c   0x0800e1b4   0x00000028   Data   RW           34    MY_ARRAY_DATA       test.o
    0x20000094   0x0800e1dc   0x00000078   Data   RW           24    MyData              bricks.o
    0x2000010c   0x0800e254   0x00000026   Data   RW           29    MyData              pingpong.o
    0x20000132   0x0800e27a   0x00000006   PAD
    0x20000138        -       0x00000200   Zero   RW           48    HEAP                startup_stm32f401xc.o
    0x20000338        -       0x00000400   Zero   RW           47    STACK               startup_stm32f401xc.o


==============================================================================

Image component sizes


      Code (inc. data)   RO Data    RW Data    ZI Data      Debug   Object Name

         0          0        808          0          0          0   apple.o
         0          0        808          0          0          0   bird.o
         0          0       5008          0          0          0   brickr.o
      1756        172          0        120          0        956   bricks.o
         0          0       5008          0          0          0   fbirdr.o
       792          0          0          0          0        440   func.o
       414          0          0          0          0        328   func2.o
      1080         58          0          0          0        708   gameboymain.o
      1652        182          0         38          0        928   pingpong.o
         0          0       5008          0          0          0   pingr.o
      1536         52          0         89          0        848   snakecode.o
         0          0       5008          0          0          0   snaker.o
        64         26        404          0       1536        864   startup_stm32f401xc.o
       320          0         24          4          0       2828   system_stm32f4xx.o
       628          8          0         40          0        532   test.o
         0          0      19848          0          0          0   titler.o
      2484         88          0         11          0       1356   x_ogame.o
         0          0       5008          0          0          0   x_or.o

    ----------------------------------------------------------------------
     10730        586      46934        308       1540       9788   Object Totals
         0          0          0          0          0          0   (incl. Generated)
         4          0          2          6          4          0   (incl. Padding)

    ----------------------------------------------------------------------

      Code (inc. data)   RO Data    RW Data    ZI Data      Debug   Library Member Name

         6          0          0          0          0        152   heapauxi.o

    ----------------------------------------------------------------------
         8          0          0          0          0        152   Library Totals
         2          0          0          0          0          0   (incl. Padding)

    ----------------------------------------------------------------------

      Code (inc. data)   RO Data    RW Data    ZI Data      Debug   Library Name

         6          0          0          0          0        152   c_w.l

    ----------------------------------------------------------------------
         8          0          0          0          0        152   Library Totals

    ----------------------------------------------------------------------

==============================================================================


      Code (inc. data)   RO Data    RW Data    ZI Data      Debug   

     10738        586      46934        308       1540       9340   Grand Totals
     10738        586      46934        308       1540       9340   ELF Image Totals
     10738        586      46934        308          0          0   ROM Totals

==============================================================================

    Total RO  Size (Code + RO Data)                57672 (  56.32kB)
    Total RW  Size (RW Data + ZI Data)              1848 (   1.80kB)
    Total ROM Size (Code + RO Data + RW Data)      57980 (  56.62kB)

==============================================================================

